<html>
<body>
<pre>
<h1>µVision Build Log</h1>
<h2>Tool Versions:</h2>
IDE-Version: ¦ÌVision V5.24.2.0
Copyright (C) 2017 ARM Ltd and ARM Germany GmbH. All rights reserved.
License Information: a yjr, a, LIC=YA39H-WJXVV-II35V-PGVWJ-ADNAN-Q4KA5
 
Tool Versions:
Toolchain:       MDK-ARM Plus  Version: 5.24.1
Toolchain Path:  D:\_app\keil\ARM\ARMCC\Bin
C Compiler:      Armcc.exe V5.06 update 5 (build 528)
Assembler:       Armasm.exe V5.06 update 5 (build 528)
Linker/Locator:  ArmLink.exe V5.06 update 5 (build 528)
Library Manager: ArmAr.exe V5.06 update 5 (build 528)
Hex Converter:   FromElf.exe V5.06 update 5 (build 528)
CPU DLL:         SARMCM3.DLL V5.24.1
Dialog DLL:      DCM.DLL V1.16.0.0
Target DLL:      STLink\ST-LINKIII-KEIL_SWO.dll V3.0.1.0
Dialog DLL:      TCM.DLL V1.32.0.0
 
<h2>Project:</h2>
D:\_res\dlut\Éú²úÊµÏ°\watch\MDK-ARM\watch.uvprojx
Project File Date:  06/30/2026

<h2>Output:</h2>
*** Using Compiler 'V5.06 update 5 (build 528)', folder: 'D:\_app\keil\ARM\ARMCC\Bin'
Build target 'watch'
assembling startup_stm32f103xb.s...
compiling usart.c...
compiling tim.c...
compiling stm32f1xx_hal_msp.c...
compiling stm32f1xx_hal_gpio.c...
compiling stm32f1xx_it.c...
compiling stm32f1xx_hal.c...
compiling gpio.c...
compiling stm32f1xx_hal_cortex.c...
compiling stm32f1xx_hal_tim_ex.c...
compiling main.c...
compiling stm32f1xx_hal_gpio_ex.c...
compiling stm32f1xx_hal_dma.c...
compiling stm32f1xx_hal_rcc.c...
compiling stm32f1xx_hal_rcc_ex.c...
compiling stm32f1xx_hal_tim.c...
compiling sw_i2c.c...
compiling stm32f1xx_hal_flash_ex.c...
compiling stm32f1xx_hal_flash.c...
compiling stm32f1xx_hal_pwr.c...
compiling delay.c...
compiling adxl345.c...
compiling algorithm.c...
..\BSP\algorithm.c(50): warning:  #68-D: integer conversion resulted in a change of sign
          an_x[k] = -1 * (pun_ir_buffer[k] - un_ir_mean) ;
..\BSP\algorithm.c: 1 warning, 0 errors
compiling system_stm32f1xx.c...
compiling ds1302.c...
compiling OLED.c...
compiling stm32f1xx_hal_exti.c...
compiling max30102.c...
compiling stm32f1xx_hal_uart.c...
compiling ds18b20.c...
compiling stmflash.c...
compiling usart1.c...
compiling key.c...
compiling interrupt.c...
compiling myuart.c...
linking...
Program Size: Code=20296 RO-data=2568 RW-data=892 ZI-data=4756  
FromELF: creating hex file...
"watch\watch.axf" - 0 Error(s), 1 Warning(s).

<h2>Software Packages used:</h2>

Package Vendor: ARM
                http://www.keil.com/pack/ARM.CMSIS.5.0.1.pack
                ARM.CMSIS.5.0.1
                CMSIS (Cortex Microcontroller Software Interface Standard)
   * Component: CORE Version: 5.0.1

Package Vendor: Keil
                http://www.keil.com/pack/Keil.STM32F1xx_DFP.2.2.0.pack
                Keil.STM32F1xx_DFP.2.2.0
                STMicroelectronics STM32F1 Series Device Support, Drivers and Examples

<h2>Collection of Component include folders:</h2>
  .\RTE\_watch
  D:\_app\keil\ARM\PACK\ARM\CMSIS\5.0.1\CMSIS\Include
  D:\_app\keil\ARM\PACK\Keil\STM32F1xx_DFP\2.2.0\Device\Include

<h2>Collection of Component Files used:</h2>

   * Component: ARM::CMSIS:CORE:5.0.1
Build Time Elapsed:  00:00:06
</pre>
</body>
</html>
